{
    "id": "FEDORA-EPEL-2020-2c80eb66b5",
    "title": "libASL-0.1.7-6.el7 matio-1.5.17-3.el7 openmeeg-2.4-0.4.rc4.el7",
    "type": "security",
    "issued": {
      "date": "2020-08-11 00:29:02"
    },
    "updated": {
      "date": "2020-07-20 10:53:15"
    },
    "severity": "Low",
    "description": "Update to 1.5.17 fixing several CVEs (see bugs), rebuilt depending packages libASL and openmeeg (soversion bump)\n",
    "packages": [
      {
        "name": "libASL",
        "epoch": "0",
        "version": "0.1.7",
        "release": "6.el7",
        "arch": "x86_64",
        "src": "https://download.fedoraproject.org/pub/fedora/linux/updates/7/x86_64/l/libASL-0.1.7-6.el7.x86_64.rpm",
        "filename": "libASL-0.1.7-6.el7.x86_64.rpm"
      },
      {
        "name": "libASL-bin",
        "epoch": "0",
        "version": "0.1.7",
        "release": "6.el7",
        "arch": "x86_64",
        "src": "https://download.fedoraproject.org/pub/fedora/linux/updates/7/x86_64/l/libASL-bin-0.1.7-6.el7.x86_64.rpm",
        "filename": "libASL-bin-0.1.7-6.el7.x86_64.rpm"
      },
      {
        "name": "libASL-devel",
        "epoch": "0",
        "version": "0.1.7",
        "release": "6.el7",
        "arch": "x86_64",
        "src": "https://download.fedoraproject.org/pub/fedora/linux/updates/7/x86_64/l/libASL-devel-0.1.7-6.el7.x86_64.rpm",
        "filename": "libASL-devel-0.1.7-6.el7.x86_64.rpm"
      },
      {
        "name": "libASL-doc",
        "epoch": "0",
        "version": "0.1.7",
        "release": "6.el7",
        "arch": "x86_64",
        "src": "https://download.fedoraproject.org/pub/fedora/linux/updates/7/x86_64/l/libASL-doc-0.1.7-6.el7.x86_64.rpm",
        "filename": "libASL-doc-0.1.7-6.el7.x86_64.rpm"
      },
      {
        "name": "libASL-examples",
        "epoch": "0",
        "version": "0.1.7",
        "release": "6.el7",
        "arch": "x86_64",
        "src": "https://download.fedoraproject.org/pub/fedora/linux/updates/7/x86_64/l/libASL-examples-0.1.7-6.el7.x86_64.rpm",
        "filename": "libASL-examples-0.1.7-6.el7.x86_64.rpm"
      },
      {
        "name": "libASL-debuginfo",
        "epoch": "0",
        "version": "0.1.7",
        "release": "6.el7",
        "arch": "x86_64",
        "src": "https://download.fedoraproject.org/pub/fedora/linux/updates/7/x86_64/l/libASL-debuginfo-0.1.7-6.el7.x86_64.rpm",
        "filename": "libASL-debuginfo-0.1.7-6.el7.x86_64.rpm"
      },
      {
        "name": "matio",
        "epoch": "0",
        "version": "1.5.17",
        "release": "3.el7",
        "arch": "x86_64",
        "src": "https://download.fedoraproject.org/pub/fedora/linux/updates/7/x86_64/m/matio-1.5.17-3.el7.x86_64.rpm",
        "filename": "matio-1.5.17-3.el7.x86_64.rpm"
      },
      {
        "name": "matio-devel",
        "epoch": "0",
        "version": "1.5.17",
        "release": "3.el7",
        "arch": "x86_64",
        "src": "https://download.fedoraproject.org/pub/fedora/linux/updates/7/x86_64/m/matio-devel-1.5.17-3.el7.x86_64.rpm",
        "filename": "matio-devel-1.5.17-3.el7.x86_64.rpm"
      },
      {
        "name": "matio-debuginfo",
        "epoch": "0",
        "version": "1.5.17",
        "release": "3.el7",
        "arch": "x86_64",
        "src": "https://download.fedoraproject.org/pub/fedora/linux/updates/7/x86_64/m/matio-debuginfo-1.5.17-3.el7.x86_64.rpm",
        "filename": "matio-debuginfo-1.5.17-3.el7.x86_64.rpm"
      },
      {
        "name": "openmeeg",
        "epoch": "0",
        "version": "2.4",
        "release": "0.4.rc4.el7",
        "arch": "x86_64",
        "src": "https://download.fedoraproject.org/pub/fedora/linux/updates/7/x86_64/o/openmeeg-2.4-0.4.rc4.el7.x86_64.rpm",
        "filename": "openmeeg-2.4-0.4.rc4.el7.x86_64.rpm"
      },
      {
        "name": "openmeeg-devel",
        "epoch": "0",
        "version": "2.4",
        "release": "0.4.rc4.el7",
        "arch": "x86_64",
        "src": "https://download.fedoraproject.org/pub/fedora/linux/updates/7/x86_64/o/openmeeg-devel-2.4-0.4.rc4.el7.x86_64.rpm",
        "filename": "openmeeg-devel-2.4-0.4.rc4.el7.x86_64.rpm"
      },
      {
        "name": "python2-openmeeg",
        "epoch": "0",
        "version": "2.4",
        "release": "0.4.rc4.el7",
        "arch": "x86_64",
        "src": "https://download.fedoraproject.org/pub/fedora/linux/updates/7/x86_64/p/python2-openmeeg-2.4-0.4.rc4.el7.x86_64.rpm",
        "filename": "python2-openmeeg-2.4-0.4.rc4.el7.x86_64.rpm"
      },
      {
        "name": "openmeeg-doc",
        "epoch": "0",
        "version": "2.4",
        "release": "0.4.rc4.el7",
        "arch": "noarch",
        "src": "https://download.fedoraproject.org/pub/fedora/linux/updates/7/i386/o/openmeeg-doc-2.4-0.4.rc4.el7.noarch.rpm",
        "filename": "openmeeg-doc-2.4-0.4.rc4.el7.noarch.rpm"
      },
      {
        "name": "openmeeg-debuginfo",
        "epoch": "0",
        "version": "2.4",
        "release": "0.4.rc4.el7",
        "arch": "x86_64",
        "src": "https://download.fedoraproject.org/pub/fedora/linux/updates/7/x86_64/o/openmeeg-debuginfo-2.4-0.4.rc4.el7.x86_64.rpm",
        "filename": "openmeeg-debuginfo-2.4-0.4.rc4.el7.x86_64.rpm"
      }
    ],
    "module": {},
    "references": [
      {
        "href": "https://bugzilla.redhat.com/show_bug.cgi?id=1684014",
        "id": "1684014",
        "title": "matio: CVE-2019-02-9027 matio: heap-based buffer overflow in function ReadNextCell() in mat5.c [epel-all]",
        "type": "bugzilla"
      }
    ],
    "cveids": [
      "CVE-2019-9027"
    ]
  }